// Jest Snapshot v1, https://goo.gl/fbAQLP

exports[`Chat Page load Load page 1`] = `"<div><h1>Enter username</h1><form><input type=\\"text\\" value=\\"\\"><button>Submit</button></form></div>"`;

exports[`Chat Page load Loading page with username 1`] = `"<div><h1>Enter username</h1><form><input type=\\"text\\" value=\\"\\"><button>Submit</button></form></div>"`;
