// Jest Snapshot v1, https://goo.gl/fbAQLP

exports[`edit user page can show error message 1`] = `"<div>Something went wrong: Error: Failed to load</div><button>Try again</button>"`;

exports[`edit user page can show information about an existing user 1`] = `"<form><div><label>First Name: <input type=\\"text\\" value=\\"Olaff\\"></label></div><div><label>Last Name: <input type=\\"text\\" value=\\"Nordmannen\\"></label></div><div><label>Email: <input type=\\"text\\" value=\\"olaff@nordmannen.no\\"></label></div><button>Submit</button><h4>Edit an existing user (Olaff Nordmannen,olaff@nordmannen.no)</h4></form>"`;

exports[`edit user page can show loading screen 1`] = `"<div>Loading ...</div>"`;
