// Jest Snapshot v1, https://goo.gl/fbAQLP

exports[`users list page can show error message 1`] = `"<div>Something went wrong: Error: Failed to load</div><button>Try again</button>"`;

exports[`users list page can show loading screen 1`] = `"<div>Loading ...</div>"`;

exports[`users list page show users on dom 1`] = `"<h1>List Users</h1><li><a href=\\"/users/1/edit\\">Harald Svensken, harald@svensken.no</a></li>"`;
