// Jest Snapshot v1, https://goo.gl/fbAQLP

exports[`messages list page can show error message 1`] = `"<div>Something went wrong: Error: Failed to load</div><button>Try again</button>"`;

exports[`messages list page can show loading screen 1`] = `"<div>Loading ...</div>"`;

exports[`messages list page show messages on dom 1`] = `"<h1>List Messages</h1><li><a href=\\"/messages/1\\">Hello React</a></li>"`;
